<ZTNB>
	<mean> 156.449 	</mean>

	<alpha> 1.31103 	</alpha>
</ZTNB>
