<ZeroTruncatedNegativeBinomialRegression>
<coefficient> 0.2419 </coefficient>
<coefficient> 2.67587 </coefficient>
<alpha>3.82529</alpha>
</ZeroTruncatedNegativeBinomialRegression>
